21:38:56 **** Incremental Build of configuration Debug for project TimerTest_v01_ToogleLed_IRQ ****
make -j12 all 
arm-none-eabi-size   TimerTest_v01_ToogleLed_IRQ.elf 
   text	   data	    bss	    dec	    hex	filename
  11756	    120	   1736	  13612	   352c	TimerTest_v01_ToogleLed_IRQ.elf
Finished building: default.size.stdout
 
21:39:03 **** Incremental Build of configuration Debug for project TimerTest_v01_ToogleLed_IRQ ****
make -j12 all 
arm-none-eabi-size   TimerTest_v01_ToogleLed_IRQ.elf 
   text	   data	    bss	    dec	    hex	filename
  11756	    120	   1736	  13612	   352c	TimerTest_v01_ToogleLed_IRQ.elf
Finished building: default.size.stdout
 
21:43:41 **** Incremental Build of configuration Debug for project TimerTest_v01_ToogleLed_IRQ ****
make -j12 all 
arm-none-eabi-gcc "../Core/Src/main_TimerTest_v01_ToogleLed_IRQ.c" -mcpu=cortex-m3 -std=gnu11 -g3 -DDEBUG -DUSE_HAL_DRIVER -DSTM32F103xB -c -I../Core/Inc -I../Drivers/STM32F1xx_HAL_Driver/Inc -I../Drivers/STM32F1xx_HAL_Driver/Inc/Legacy -I../Drivers/CMSIS/Device/ST/STM32F1xx/Include -I../Drivers/CMSIS/Include -O0 -ffunction-sections -fdata-sections -Wall -fstack-usage -MMD -MP -MF"Core/Src/main_TimerTest_v01_ToogleLed_IRQ.d" -MT"Core/Src/main_TimerTest_v01_ToogleLed_IRQ.o" --specs=nano.specs -mfloat-abi=soft -mthumb -o "Core/Src/main_TimerTest_v01_ToogleLed_IRQ.o"
arm-none-eabi-gcc -o "TimerTest_v01_ToogleLed_IRQ.elf" @"objects.list"   -mcpu=cortex-m3 -T"D:\jECI\2022-2-DMIC\GitHub\DMIC_2022-2_MaterialCurso\STM32CubeIDEworkspace_1.10.1\TimerTest_v01_ToogleLed_IRQ\STM32F103RBTX_FLASH.ld" --specs=nosys.specs -Wl,-Map="TimerTest_v01_ToogleLed_IRQ.map" -Wl,--gc-sections -static --specs=nano.specs -mfloat-abi=soft -mthumb -Wl,--start-group -lc -lm -Wl,--end-group
Finished building target: TimerTest_v01_ToogleLed_IRQ.elf
 
arm-none-eabi-size   TimerTest_v01_ToogleLed_IRQ.elf 
arm-none-eabi-objdump -h -S  TimerTest_v01_ToogleLed_IRQ.elf  > "TimerTest_v01_ToogleLed_IRQ.list"
   text	   data	    bss	    dec	    hex	filename
  11756	    120	   1736	  13612	   352c	TimerTest_v01_ToogleLed_IRQ.elf
Finished building: default.size.stdout
 
Finished building: TimerTest_v01_ToogleLed_IRQ.list
 
21:51:17 **** Incremental Build of configuration Debug for project TimerTest_v01_ToogleLed_IRQ ****
make -j12 all 
arm-none-eabi-size   TimerTest_v01_ToogleLed_IRQ.elf 
   text	   data	    bss	    dec	    hex	filename
  11756	    120	   1736	  13612	   352c	TimerTest_v01_ToogleLed_IRQ.elf
Finished building: default.size.stdout
 
