22:09:08 **** Incremental Build of configuration Debug for project Test1 ****
make -j12 all 
arm-none-eabi-gcc "../Core/Src/main.c" -mcpu=cortex-m3 -std=gnu11 -g3 -DDEBUG -DUSE_HAL_DRIVER -DSTM32F103xB -c -I../Core/Inc -I../Drivers/STM32F1xx_HAL_Driver/Inc -I../Drivers/STM32F1xx_HAL_Driver/Inc/Legacy -I../Drivers/CMSIS/Device/ST/STM32F1xx/Include -I../Drivers/CMSIS/Include -O0 -ffunction-sections -fdata-sections -Wall -fstack-usage -MMD -MP -MF"Core/Src/main.d" -MT"Core/Src/main.o" --specs=nano.specs -mfloat-abi=soft -mthumb -o "Core/Src/main.o"
arm-none-eabi-gcc -o "Test1.elf" @"objects.list"   -mcpu=cortex-m3 -T"D:\jECI\2022-2\STM32CubeIDEworkspace_1.10.1\Test1\STM32F103RBTX_FLASH.ld" --specs=nosys.specs -Wl,-Map="Test1.map" -Wl,--gc-sections -static --specs=nano.specs -mfloat-abi=soft -mthumb -Wl,--start-group -lc -lm -Wl,--end-group
Finished building target: Test1.elf
 
arm-none-eabi-size   Test1.elf 
arm-none-eabi-objdump -h -S  Test1.elf  > "Test1.list"
   text	   data	    bss	    dec	    hex	filename
   5676	     20	   1636	   7332	   1ca4	Test1.elf
Finished building: default.size.stdout
 
Finished building: Test1.list
 

22:09:09 Build Finished. 0 errors, 0 warnings. (took 874ms)

